python.exe : 1384 INFO: PyInstaller: 6.18.0, contrib hooks: 2026.0
At line:1 char:26
+ ... \aplikasi'; & '.\.venv-1\Scripts\python.exe' 'build_exe.py' 2>&1 | Te ...
+                 ~~~~~~~~~~~~~~~~~~~~~~~~~~~~~~~~~~~~~~~~~~~~~~~~~~~~
    + CategoryInfo          : NotSpecified: (1384 INFO: PyIn...b hooks: 2026.0:String) [], RemoteException
    + FullyQualifiedErrorId : NativeCommandError
 
1386 INFO: Python: 3.14.2
1466 INFO: Platform: Windows-10-10.0.19045-SP0
1466 INFO: Python environment: E:\gdrive\aplikasi\.venv-1
1476 INFO: Removing temporary files and cleaning cache in C:\Users\Daba\AppData\Local\pyinstaller
13997 INFO: Module search paths (PYTHONPATH):
['E:\\gdrive\\aplikasi',
 'C:\\Users\\Daba\\AppData\\Local\\Python\\pythoncore-3.14-64\\python314.zip',
 'C:\\Users\\Daba\\AppData\\Local\\Python\\pythoncore-3.14-64\\DLLs',
 'C:\\Users\\Daba\\AppData\\Local\\Python\\pythoncore-3.14-64\\Lib',
 'C:\\Users\\Daba\\AppData\\Local\\Python\\pythoncore-3.14-64',
 'E:\\gdrive\\aplikasi\\.venv-1',
 'E:\\gdrive\\aplikasi\\.venv-1\\Lib\\site-packages',
 'E:\\gdrive\\aplikasi']
19838 INFO: Appending 'datas' from .spec
20578 INFO: checking Analysis
20578 INFO: Building Analysis because Analysis-00.toc is non existent
20578 INFO: Looking for Python shared library...
20578 INFO: Using Python shared library: C:\Users\Daba\AppData\Local\Python\pythoncore-3.14-64\python314.dll
20579 INFO: Running Analysis Analysis-00.toc
20579 INFO: Target bytecode optimization level: 0
20580 INFO: Initializing module dependency graph...
20587 INFO: Initializing module graph hook caches...
20788 INFO: Analyzing modules for base_library.zip ...
28460 INFO: Processing standard module hook 'hook-encodings.py' from 'E:\\gdrive\\aplikasi\\.venv-1\\Lib\\site-packages\\PyInstaller\\hooks'
30492 INFO: Processing standard module hook 'hook-pickle.py' from 'E:\\gdrive\\aplikasi\\.venv-1\\Lib\\site-packages\\PyInstaller\\hooks'
31171 INFO: Processing standard module hook 'hook-difflib.py' from 'E:\\gdrive\\aplikasi\\.venv-1\\Lib\\site-packages\\PyInstaller\\hooks'
31317 INFO: Processing standard module hook 'hook-heapq.py' from 'E:\\gdrive\\aplikasi\\.venv-1\\Lib\\site-packages\\PyInstaller\\hooks'
41561 INFO: Caching module dependency graph...
41722 INFO: Analyzing E:\gdrive\aplikasi\main.py
41795 INFO: Processing standard module hook 'hook-PySide6.py' from 'E:\\gdrive\\aplikasi\\.venv-1\\Lib\\site-packages\\PyInstaller\\hooks'
43112 INFO: Processing standard module hook 'hook-shiboken6.py' from 'E:\\gdrive\\aplikasi\\.venv-1\\Lib\\site-packages\\PyInstaller\\hooks'
44009 INFO: Processing standard module hook 'hook-PySide6.QtNetwork.py' from 'E:\\gdrive\\aplikasi\\.venv-1\\Lib\\site-packages\\PyInstaller\
\hooks'
55901 INFO: Processing standard module hook 'hook-PySide6.QtCore.py' from 'E:\\gdrive\\aplikasi\\.venv-1\\Lib\\site-packages\\PyInstaller\\ho
oks'
63687 INFO: Processing standard module hook 'hook-docx.py' from 'E:\\gdrive\\aplikasi\\.venv-1\\Lib\\site-packages\\_pyinstaller_hooks_contri
b\\stdhooks'
64141 INFO: Processing pre-safe-import-module hook 'hook-typing_extensions.py' from 'E:\\gdrive\\aplikasi\\.venv-1\\Lib\\site-packages\\PyIns
taller\\hooks\\pre_safe_import_module'
64195 INFO: SetuptoolsInfo: initializing cached setuptools info...
68299 INFO: Processing standard module hook 'hook-multiprocessing.util.py' from 'E:\\gdrive\\aplikasi\\.venv-1\\Lib\\site-packages\\PyInstall
er\\hooks'
68598 INFO: Processing standard module hook 'hook-xml.py' from 'E:\\gdrive\\aplikasi\\.venv-1\\Lib\\site-packages\\PyInstaller\\hooks'
69362 INFO: Processing standard module hook 'hook-sysconfig.py' from 'E:\\gdrive\\aplikasi\\.venv-1\\Lib\\site-packages\\PyInstaller\\hooks'
69386 INFO: Processing standard module hook 'hook-_ctypes.py' from 'E:\\gdrive\\aplikasi\\.venv-1\\Lib\\site-packages\\PyInstaller\\hooks'
71088 INFO: Processing standard module hook 'hook-lxml.py' from 'E:\\gdrive\\aplikasi\\.venv-1\\Lib\\site-packages\\_pyinstaller_hooks_contri
b\\stdhooks'
73568 INFO: Processing standard module hook 'hook-lxml.etree.py' from 'E:\\gdrive\\aplikasi\\.venv-1\\Lib\\site-packages\\_pyinstaller_hooks_
contrib\\stdhooks'
75666 INFO: Processing standard module hook 'hook-openpyxl.py' from 'E:\\gdrive\\aplikasi\\.venv-1\\Lib\\site-packages\\_pyinstaller_hooks_co
ntrib\\stdhooks'
77019 INFO: Processing standard module hook 'hook-xml.etree.cElementTree.py' from 'E:\\gdrive\\aplikasi\\.venv-1\\Lib\\site-packages\\PyInsta
ller\\hooks'
83176 INFO: Processing standard module hook 'hook-PIL.py' from 'E:\\gdrive\\aplikasi\\.venv-1\\Lib\\site-packages\\PyInstaller\\hooks'
84083 INFO: Processing standard module hook 'hook-PIL.Image.py' from 'E:\\gdrive\\aplikasi\\.venv-1\\Lib\\site-packages\\PyInstaller\\hooks'
86392 INFO: Processing standard module hook 'hook-PIL.ImageFilter.py' from 'E:\\gdrive\\aplikasi\\.venv-1\\Lib\\site-packages\\PyInstaller\\h
ooks'
91090 INFO: Processing standard module hook 'hook-PySide6.QtWidgets.py' from 'E:\\gdrive\\aplikasi\\.venv-1\\Lib\\site-packages\\PyInstaller\
\hooks'
102188 INFO: Processing standard module hook 'hook-PySide6.QtGui.py' from 'E:\\gdrive\\aplikasi\\.venv-1\\Lib\\site-packages\\PyInstaller\\ho
oks'
160995 INFO: Processing standard module hook 'hook-sqlite3.py' from 'E:\\gdrive\\aplikasi\\.venv-1\\Lib\\site-packages\\PyInstaller\\hooks'
163776 INFO: Processing standard module hook 'hook-PySide6.QtSvg.py' from 'E:\\gdrive\\aplikasi\\.venv-1\\Lib\\site-packages\\PyInstaller\\ho
oks'
166086 INFO: Processing standard module hook 'hook-platform.py' from 'E:\\gdrive\\aplikasi\\.venv-1\\Lib\\site-packages\\PyInstaller\\hooks'
168095 INFO: Processing module hooks (post-graph stage)...
170373 INFO: Processing standard module hook 'hook-lxml.isoschematron.py' from 'E:\\gdrive\\aplikasi\\.venv-1\\Lib\\site-packages\\_pyinstall
er_hooks_contrib\\stdhooks'
171967 INFO: Processing standard module hook 'hook-PIL.SpiderImagePlugin.py' from 'E:\\gdrive\\aplikasi\\.venv-1\\Lib\\site-packages\\PyInsta
ller\\hooks'
172438 INFO: Processing standard module hook 'hook-lxml.objectify.py' from 'E:\\gdrive\\aplikasi\\.venv-1\\Lib\\site-packages\\_pyinstaller_h
ooks_contrib\\stdhooks'
172508 INFO: Performing binary vs. data reclassification (3579 entries)
186286 INFO: Looking for ctypes DLLs
186344 INFO: Analyzing run-time hooks ...
186352 INFO: Including run-time hook 'pyi_rth_inspect.py' from 'E:\\gdrive\\aplikasi\\.venv-1\\Lib\\site-packages\\PyInstaller\\hooks\\rthook
s'
186383 INFO: Including run-time hook 'pyi_rth_pkgutil.py' from 'E:\\gdrive\\aplikasi\\.venv-1\\Lib\\site-packages\\PyInstaller\\hooks\\rthook
s'
186389 INFO: Including run-time hook 'pyi_rth_multiprocessing.py' from 'E:\\gdrive\\aplikasi\\.venv-1\\Lib\\site-packages\\PyInstaller\\hooks
\\rthooks'
186398 INFO: Including run-time hook 'pyi_rth_pyside6.py' from 'E:\\gdrive\\aplikasi\\.venv-1\\Lib\\site-packages\\PyInstaller\\hooks\\rthook
s'
186405 INFO: Processing pre-find-module-path hook 'hook-_pyi_rth_utils.py' from 'E:\\gdrive\\aplikasi\\.venv-1\\Lib\\site-packages\\PyInstall
er\\hooks\\pre_find_module_path'
186467 INFO: Processing standard module hook 'hook-_pyi_rth_utils.py' from 'E:\\gdrive\\aplikasi\\.venv-1\\Lib\\site-packages\\PyInstaller\\h
ooks'
186669 INFO: Creating base_library.zip...
186709 INFO: Looking for dynamic libraries
192311 INFO: Extra DLL search directories (AddDllDirectory): ['E:\\gdrive\\aplikasi\\.venv-1\\Lib\\site-packages\\shiboken6']
192311 INFO: Extra DLL search directories (PATH): []
208010 WARNING: Library not found: could not resolve 'fbclient.dll', dependency of 'E:\\gdrive\\aplikasi\\.venv-1\\Lib\\site-packages\\PySide
6\\plugins\\sqldrivers\\qsqlibase.dll'.
208010 WARNING: Library not found: could not resolve 'MIMAPI64.dll', dependency of 'E:\\gdrive\\aplikasi\\.venv-1\\Lib\\site-packages\\PySide
6\\plugins\\sqldrivers\\qsqlmimer.dll'.
208011 WARNING: Library not found: could not resolve 'OCI.dll', dependency of 'E:\\gdrive\\aplikasi\\.venv-1\\Lib\\site-packages\\PySide6\\pl
ugins\\sqldrivers\\qsqloci.dll'.
208011 WARNING: Library not found: could not resolve 'LIBPQ.dll', dependency of 'E:\\gdrive\\aplikasi\\.venv-1\\Lib\\site-packages\\PySide6\\
plugins\\sqldrivers\\qsqlpsql.dll'.
208015 WARNING: Library not found: could not resolve 'Qt6QuickShapesDesignHelpers.dll', dependency of 'E:\\gdrive\\aplikasi\\.venv-1\\Lib\\si
te-packages\\PySide6\\qml\\QtQuick\\Shapes\\DesignHelpers\\qtquickshapesdesignhelpersplugin.dll'.
208015 WARNING: Library not found: could not resolve 'Qt6QuickVectorImageHelpers.dll', dependency of 'E:\\gdrive\\aplikasi\\.venv-1\\Lib\\sit
e-packages\\PySide6\\qml\\QtQuick\\VectorImage\\Helpers\\qquickvectorimagehelpersplugin.dll'.
208315 INFO: Warnings written to E:\gdrive\aplikasi\build\ppk_factory\warn-ppk_factory.txt
208525 INFO: Graph cross-reference written to E:\gdrive\aplikasi\build\ppk_factory\xref-ppk_factory.html
209170 INFO: checking PYZ
209170 INFO: Building PYZ because PYZ-00.toc is non existent
209170 INFO: Building PYZ (ZlibArchive) E:\gdrive\aplikasi\build\ppk_factory\PYZ-00.pyz
209937 INFO: Building PYZ (ZlibArchive) E:\gdrive\aplikasi\build\ppk_factory\PYZ-00.pyz completed successfully.
210017 INFO: checking PKG
210017 INFO: Building PKG because PKG-00.toc is non existent
210017 INFO: Building PKG (CArchive) PPK_Document_Factory.pkg
210107 INFO: Building PKG (CArchive) PPK_Document_Factory.pkg completed successfully.
210119 INFO: Bootloader E:\gdrive\aplikasi\.venv-1\Lib\site-packages\PyInstaller\bootloader\Windows-64bit-intel\runw.exe
210119 INFO: checking EXE
210119 INFO: Building EXE because EXE-00.toc is non existent
210119 INFO: Building EXE from EXE-00.toc
210145 INFO: Copying bootloader EXE to E:\gdrive\aplikasi\build\ppk_factory\PPK_Document_Factory.exe
212444 WARNING: Execution of 'remove_all_resources' failed on attempt #1 / 20: error(110, 'EndUpdateResourceW', 'The system cannot open the d
evice or file specified.'). Retrying in 0.05 second(s)...
212502 INFO: Copying icon to EXE
212775 INFO: Copying 0 resources to EXE
212776 INFO: Embedding manifest in EXE
212865 INFO: Appending PKG archive to EXE
212871 INFO: Fixing EXE headers
213593 INFO: Building EXE from EXE-00.toc completed successfully.
213720 INFO: checking COLLECT
213720 INFO: Building COLLECT because COLLECT-00.toc is non existent
213721 INFO: Building COLLECT COLLECT-00.toc
293719 INFO: Building COLLECT COLLECT-00.toc completed successfully.
294044 INFO: Build complete! The results are available in: E:\gdrive\aplikasi\dist
============================================================
PPK DOCUMENT FACTORY v4.0 - BUILD EXE (Workflow Edition)
============================================================

=== Memeriksa dependensi ===
[OK] PyInstaller versi 6.18.0 ditemukan
[OK] PySide6 ditemukan
[OK] python-docx ditemukan
[OK] openpyxl ditemukan
[OK] Pillow ditemukan

=== Membersihkan build sebelumnya ===
[OK] Folder build dibersihkan

=== Memulai build EXE ===
Menjalankan: E:\gdrive\aplikasi\.venv-1\Scripts\python.exe -m PyInstaller --clean --noconfirm E:\gdrive\aplikasi\ppk_factory.spec

[SUCCESS] Build EXE berhasil!

=== Menyalin file tambahan ===
[OK] Folder tambahan dibuat

=== Membuat README ===
[OK] README dibuat: E:\gdrive\aplikasi\dist\PPK_Document_Factory\BACA_INI.txt

============================================================
BUILD SELESAI!
============================================================

File executable ada di:
  E:\gdrive\aplikasi\dist\PPK_Document_Factory

Untuk distribusi, zip seluruh folder PPK_Document_Factory
